[0.021s] Invoking command in '/home/aishwarya/ros2_ws/src/basic_mobile_robot/build/basic_mobile_robot': /usr/bin/cmake /home/aishwarya/ros2_ws/src/basic_mobile_robot -DCMAKE_INSTALL_PREFIX=/home/aishwarya/ros2_ws/src/basic_mobile_robot/install/basic_mobile_robot
[0.188s] -- The C compiler identification is GNU 11.3.0
[0.310s] -- The CXX compiler identification is GNU 11.3.0
[0.321s] -- Detecting C compiler ABI info
[0.397s] -- Detecting C compiler ABI info - done
[0.405s] -- Check for working C compiler: /usr/bin/cc - skipped
[0.406s] -- Detecting C compile features
[0.407s] -- Detecting C compile features - done
[0.411s] -- Detecting CXX compiler ABI info
[0.499s] -- Detecting CXX compiler ABI info - done
[0.508s] -- Check for working CXX compiler: /usr/bin/c++ - skipped
[0.508s] -- Detecting CXX compile features
[0.508s] -- Detecting CXX compile features - done
[0.517s] -- Found ament_cmake: 1.3.4 (/opt/ros/humble/share/ament_cmake/cmake)
[0.710s] -- Found Python3: /usr/bin/python3.10 (found version "3.10.6") found components: Interpreter 
[0.817s] -- Found ament_lint_auto: 0.12.6 (/opt/ros/humble/share/ament_lint_auto/cmake)
[0.875s] Error parsing '/home/aishwarya/ros2_ws/src/basic_mobile_robot/package.xml':
[0.924s] Traceback (most recent call last):
[0.924s]   File "/usr/lib/python3/dist-packages/catkin_pkg/package.py", line 610, in parse_package_string
[0.924s]     root = dom.parseString(data)
[0.924s]   File "/usr/lib/python3.10/xml/dom/minidom.py", line 1998, in parseString
[0.925s]     return expatbuilder.parseString(string)
[0.925s]   File "/usr/lib/python3.10/xml/dom/expatbuilder.py", line 925, in parseString
[0.925s]     return builder.parseString(string)
[0.925s]   File "/usr/lib/python3.10/xml/dom/expatbuilder.py", line 223, in parseString
[0.925s]     parser.Parse(string, True)
[0.925s] xml.parsers.expat.ExpatError: junk after document element: line 24, column 0
[0.925s] 
[0.925s] During handling of the above exception, another exception occurred:
[0.925s] 
[0.925s] Traceback (most recent call last):
[0.925s]   File "/opt/ros/humble/share/ament_cmake_core/cmake/core/package_xml_2_cmake.py", line 150, in <module>
[0.925s]     main()
[0.926s]   File "/opt/ros/humble/share/ament_cmake_core/cmake/core/package_xml_2_cmake.py", line 53, in main
[0.926s]     raise e
[0.926s]   File "/opt/ros/humble/share/ament_cmake_core/cmake/core/package_xml_2_cmake.py", line 49, in main
[0.926s]     package = parse_package_string(
[0.926s]   File "/usr/lib/python3/dist-packages/catkin_pkg/package.py", line 612, in parse_package_string
[0.926s]     raise InvalidPackage('The manifest contains invalid XML:\n%s' % ex, filename)
[0.926s] catkin_pkg.package.InvalidPackage: Error(s) in package '/home/aishwarya/ros2_ws/src/basic_mobile_robot/package.xml':
[0.926s] The manifest contains invalid XML:
[0.926s] junk after document element: line 24, column 0
[0.943s] [31mCMake Error at /opt/ros/humble/share/ament_cmake_core/cmake/core/ament_package_xml.cmake:95 (message):
[0.943s]   execute_process(/usr/bin/python3.10
[0.943s]   /opt/ros/humble/share/ament_cmake_core/cmake/core/package_xml_2_cmake.py
[0.943s]   /home/aishwarya/ros2_ws/src/basic_mobile_robot/package.xml
[0.943s]   /home/aishwarya/ros2_ws/src/basic_mobile_robot/build/basic_mobile_robot/ament_cmake_core/package.cmake)
[0.943s]   returned error code 1
[0.943s] Call Stack (most recent call first):
[0.943s]   /opt/ros/humble/share/ament_cmake_core/cmake/core/ament_package_xml.cmake:49 (_ament_package_xml)
[0.943s]   /opt/ros/humble/share/ament_lint_auto/cmake/ament_lint_auto_find_test_dependencies.cmake:31 (ament_package_xml)
[0.943s]   CMakeLists.txt:37 (ament_lint_auto_find_test_dependencies)
[0.943s] 
[0.943s] [0m
[0.943s] -- Configuring incomplete, errors occurred!
[0.943s] See also "/home/aishwarya/ros2_ws/src/basic_mobile_robot/build/basic_mobile_robot/CMakeFiles/CMakeOutput.log".
[0.948s] Invoked command in '/home/aishwarya/ros2_ws/src/basic_mobile_robot/build/basic_mobile_robot' returned '1': /usr/bin/cmake /home/aishwarya/ros2_ws/src/basic_mobile_robot -DCMAKE_INSTALL_PREFIX=/home/aishwarya/ros2_ws/src/basic_mobile_robot/install/basic_mobile_robot
