[0.000000] (-) TimerEvent: {}
[0.000154] (basic_mobile_robot) JobQueued: {'identifier': 'basic_mobile_robot', 'dependencies': OrderedDict()}
[0.000188] (basic_mobile_robot) JobStarted: {'identifier': 'basic_mobile_robot'}
[0.016902] (basic_mobile_robot) JobProgress: {'identifier': 'basic_mobile_robot', 'progress': 'cmake'}
[0.016977] (basic_mobile_robot) Command: {'cmd': ['/usr/bin/cmake', '/home/aishwarya/ros2_ws/src/basic_mobile_robot', '-DCMAKE_INSTALL_PREFIX=/home/aishwarya/ros2_ws/src/basic_mobile_robot/install/basic_mobile_robot'], 'cwd': '/home/aishwarya/ros2_ws/src/basic_mobile_robot/build/basic_mobile_robot', 'env': OrderedDict([('LESSOPEN', '| /usr/bin/lesspipe %s'), ('LANGUAGE', 'en_IN:en'), ('USER', 'aishwarya'), ('XDG_SESSION_TYPE', 'wayland'), ('SHLVL', '1'), ('LD_LIBRARY_PATH', '/home/aishwarya/ros2_ws/install/my_robot_interfaces/lib:/usr/lib/x86_64-linux-gnu/gazebo-11/plugins:/opt/ros/humble/opt/rviz_ogre_vendor/lib:/opt/ros/humble/lib/x86_64-linux-gnu:/opt/ros/humble/lib'), ('HOME', '/home/aishwarya'), ('DESKTOP_SESSION', 'ubuntu'), ('ROS_PYTHON_VERSION', '3'), ('GNOME_SHELL_SESSION_MODE', 'ubuntu'), ('GTK_MODULES', 'gail:atk-bridge'), ('DBUS_STARTER_BUS_TYPE', 'session'), ('SYSTEMD_EXEC_PID', '1687'), ('DBUS_SESSION_BUS_ADDRESS', 'unix:path=/run/user/1000/bus,guid=784cc915cc160f889d57f76964982b3a'), ('COLORTERM', 'truecolor'), ('_colcon_cd_root', '/home/aishwarya/dev_ws'), ('IM_CONFIG_PHASE', '1'), ('WAYLAND_DISPLAY', 'wayland-0'), ('COLCON_PREFIX_PATH', '/home/aishwarya/ros2_ws/install'), ('ROS_DISTRO', 'humble'), ('LOGNAME', 'aishwarya'), ('_', '/usr/bin/colcon'), ('ROS_VERSION', '2'), ('XDG_SESSION_CLASS', 'user'), ('USERNAME', 'aishwarya'), ('TERM', 'xterm-256color'), ('GAZEBO_MODEL_PATH', ':/home/focalfossa/dev_ws/src/basic_mobile_robot/models/:/home/aishwarya/ros2_ws/src/basic_mobile_robot/models/'), ('GNOME_DESKTOP_SESSION_ID', 'this-is-deprecated'), ('ROS_LOCALHOST_ONLY', '0'), ('PATH', '/opt/ros/humble/bin:/usr/local/sbin:/usr/local/bin:/usr/sbin:/usr/bin:/sbin:/bin:/usr/games:/usr/local/games:/snap/bin:/snap/bin'), ('SESSION_MANAGER', 'local/aishwarya-VirtualBox:@/tmp/.ICE-unix/1687,unix/aishwarya-VirtualBox:/tmp/.ICE-unix/1687'), ('XDG_MENU_PREFIX', 'gnome-'), ('GNOME_TERMINAL_SCREEN', '/org/gnome/Terminal/screen/c4599042_b33f_4fa4_8a48_722d28b5ca39'), ('GNOME_SETUP_DISPLAY', ':1'), ('XDG_RUNTIME_DIR', '/run/user/1000'), ('DISPLAY', ':0'), ('LANG', 'en_US.UTF-8'), ('XDG_CURRENT_DESKTOP', 'ubuntu:GNOME'), ('XMODIFIERS', '@im=ibus'), ('XDG_SESSION_DESKTOP', 'ubuntu'), ('XAUTHORITY', '/run/user/1000/.mutter-Xwaylandauth.8O6061'), ('LS_COLORS', 'rs=0:di=01;34:ln=01;36:mh=00:pi=40;33:so=01;35:do=01;35:bd=40;33;01:cd=40;33;01:or=40;31;01:mi=00:su=37;41:sg=30;43:ca=30;41:tw=30;42:ow=34;42:st=37;44:ex=01;32:*.tar=01;31:*.tgz=01;31:*.arc=01;31:*.arj=01;31:*.taz=01;31:*.lha=01;31:*.lz4=01;31:*.lzh=01;31:*.lzma=01;31:*.tlz=01;31:*.txz=01;31:*.tzo=01;31:*.t7z=01;31:*.zip=01;31:*.z=01;31:*.dz=01;31:*.gz=01;31:*.lrz=01;31:*.lz=01;31:*.lzo=01;31:*.xz=01;31:*.zst=01;31:*.tzst=01;31:*.bz2=01;31:*.bz=01;31:*.tbz=01;31:*.tbz2=01;31:*.tz=01;31:*.deb=01;31:*.rpm=01;31:*.jar=01;31:*.war=01;31:*.ear=01;31:*.sar=01;31:*.rar=01;31:*.alz=01;31:*.ace=01;31:*.zoo=01;31:*.cpio=01;31:*.7z=01;31:*.rz=01;31:*.cab=01;31:*.wim=01;31:*.swm=01;31:*.dwm=01;31:*.esd=01;31:*.jpg=01;35:*.jpeg=01;35:*.mjpg=01;35:*.mjpeg=01;35:*.gif=01;35:*.bmp=01;35:*.pbm=01;35:*.pgm=01;35:*.ppm=01;35:*.tga=01;35:*.xbm=01;35:*.xpm=01;35:*.tif=01;35:*.tiff=01;35:*.png=01;35:*.svg=01;35:*.svgz=01;35:*.mng=01;35:*.pcx=01;35:*.mov=01;35:*.mpg=01;35:*.mpeg=01;35:*.m2v=01;35:*.mkv=01;35:*.webm=01;35:*.webp=01;35:*.ogm=01;35:*.mp4=01;35:*.m4v=01;35:*.mp4v=01;35:*.vob=01;35:*.qt=01;35:*.nuv=01;35:*.wmv=01;35:*.asf=01;35:*.rm=01;35:*.rmvb=01;35:*.flc=01;35:*.avi=01;35:*.fli=01;35:*.flv=01;35:*.gl=01;35:*.dl=01;35:*.xcf=01;35:*.xwd=01;35:*.yuv=01;35:*.cgm=01;35:*.emf=01;35:*.ogv=01;35:*.ogx=01;35:*.aac=00;36:*.au=00;36:*.flac=00;36:*.m4a=00;36:*.mid=00;36:*.midi=00;36:*.mka=00;36:*.mp3=00;36:*.mpc=00;36:*.ogg=00;36:*.ra=00;36:*.wav=00;36:*.oga=00;36:*.opus=00;36:*.spx=00;36:*.xspf=00;36:'), ('GNOME_TERMINAL_SERVICE', ':1.131'), ('SSH_AGENT_LAUNCHER', 'gnome-keyring'), ('SSH_AUTH_SOCK', '/run/user/1000/keyring/ssh'), ('AMENT_PREFIX_PATH', '/home/aishwarya/ros2_ws/install/your_package_name:/home/aishwarya/ros2_ws/install/two_wheeled_robot:/home/aishwarya/ros2_ws/install/my_robot_interfaces:/home/aishwarya/ros2_ws/install/my_robot_bringup:/home/aishwarya/ros2_ws/install/my_py_pkg:/home/aishwarya/ros2_ws/install/battery_status:/home/aishwarya/ros2_ws/install/basic_mobile_robot:/home/aishwarya/ros2_ws/install/articubot_one:/opt/ros/humble'), ('SHELL', '/bin/bash'), ('QT_ACCESSIBILITY', '1'), ('GDMSESSION', 'ubuntu'), ('LESSCLOSE', '/usr/bin/lesspipe %s %s'), ('QT_IM_MODULE', 'ibus'), ('PWD', '/home/aishwarya/ros2_ws/src/basic_mobile_robot/build/basic_mobile_robot'), ('LC_ALL', 'en_US.UTF-8'), ('XDG_CONFIG_DIRS', '/etc/xdg/xdg-ubuntu:/etc/xdg'), ('DBUS_STARTER_ADDRESS', 'unix:path=/run/user/1000/bus,guid=784cc915cc160f889d57f76964982b3a'), ('XDG_DATA_DIRS', '/usr/share/ubuntu:/usr/local/share/:/usr/share/:/var/lib/snapd/desktop'), ('PYTHONPATH', '/home/aishwarya/ros2_ws/install/your_package_name/lib/python3.10/site-packages:/home/aishwarya/ros2_ws/install/my_robot_interfaces/local/lib/python3.10/dist-packages:/home/aishwarya/ros2_ws/install/my_py_pkg/lib/python3.10/site-packages:/home/aishwarya/ros2_ws/install/battery_status/lib/python3.10/site-packages:/opt/ros/humble/lib/python3.10/site-packages:/opt/ros/humble/local/lib/python3.10/dist-packages'), ('COLCON', '1'), ('VTE_VERSION', '6800'), ('CMAKE_PREFIX_PATH', '/home/aishwarya/ros2_ws/install/two_wheeled_robot:/home/aishwarya/ros2_ws/install/my_robot_interfaces:/home/aishwarya/ros2_ws/install/my_robot_bringup:/home/aishwarya/ros2_ws/install/basic_mobile_robot:/home/aishwarya/ros2_ws/install/articubot_one')]), 'shell': False}
[0.098767] (-) TimerEvent: {}
[0.188180] (basic_mobile_robot) StdoutLine: {'line': b'-- The C compiler identification is GNU 11.3.0\n'}
[0.199009] (-) TimerEvent: {}
[0.299384] (-) TimerEvent: {}
[0.310331] (basic_mobile_robot) StdoutLine: {'line': b'-- The CXX compiler identification is GNU 11.3.0\n'}
[0.320903] (basic_mobile_robot) StdoutLine: {'line': b'-- Detecting C compiler ABI info\n'}
[0.397311] (basic_mobile_robot) StdoutLine: {'line': b'-- Detecting C compiler ABI info - done\n'}
[0.400429] (-) TimerEvent: {}
[0.405126] (basic_mobile_robot) StdoutLine: {'line': b'-- Check for working C compiler: /usr/bin/cc - skipped\n'}
[0.405936] (basic_mobile_robot) StdoutLine: {'line': b'-- Detecting C compile features\n'}
[0.407226] (basic_mobile_robot) StdoutLine: {'line': b'-- Detecting C compile features - done\n'}
[0.411453] (basic_mobile_robot) StdoutLine: {'line': b'-- Detecting CXX compiler ABI info\n'}
[0.499474] (basic_mobile_robot) StdoutLine: {'line': b'-- Detecting CXX compiler ABI info - done\n'}
[0.500655] (-) TimerEvent: {}
[0.507808] (basic_mobile_robot) StdoutLine: {'line': b'-- Check for working CXX compiler: /usr/bin/c++ - skipped\n'}
[0.508120] (basic_mobile_robot) StdoutLine: {'line': b'-- Detecting CXX compile features\n'}
[0.508609] (basic_mobile_robot) StdoutLine: {'line': b'-- Detecting CXX compile features - done\n'}
[0.516896] (basic_mobile_robot) StdoutLine: {'line': b'-- Found ament_cmake: 1.3.4 (/opt/ros/humble/share/ament_cmake/cmake)\n'}
[0.600963] (-) TimerEvent: {}
[0.701405] (-) TimerEvent: {}
[0.710422] (basic_mobile_robot) StdoutLine: {'line': b'-- Found Python3: /usr/bin/python3.10 (found version "3.10.6") found components: Interpreter \n'}
[0.801800] (-) TimerEvent: {}
[0.817051] (basic_mobile_robot) StdoutLine: {'line': b'-- Found ament_lint_auto: 0.12.6 (/opt/ros/humble/share/ament_lint_auto/cmake)\n'}
[0.874722] (basic_mobile_robot) StderrLine: {'line': b"Error parsing '/home/aishwarya/ros2_ws/src/basic_mobile_robot/package.xml':\n"}
[0.902181] (-) TimerEvent: {}
[0.924190] (basic_mobile_robot) StderrLine: {'line': b'Traceback (most recent call last):\n'}
[0.924378] (basic_mobile_robot) StderrLine: {'line': b'  File "/usr/lib/python3/dist-packages/catkin_pkg/package.py", line 610, in parse_package_string\n'}
[0.924474] (basic_mobile_robot) StderrLine: {'line': b'    root = dom.parseString(data)\n'}
[0.924554] (basic_mobile_robot) StderrLine: {'line': b'  File "/usr/lib/python3.10/xml/dom/minidom.py", line 1998, in parseString\n'}
[0.924766] (basic_mobile_robot) StderrLine: {'line': b'    return expatbuilder.parseString(string)\n'}
[0.925013] (basic_mobile_robot) StderrLine: {'line': b'  File "/usr/lib/python3.10/xml/dom/expatbuilder.py", line 925, in parseString\n'}
[0.925095] (basic_mobile_robot) StderrLine: {'line': b'    return builder.parseString(string)\n'}
[0.925160] (basic_mobile_robot) StderrLine: {'line': b'  File "/usr/lib/python3.10/xml/dom/expatbuilder.py", line 223, in parseString\n'}
[0.925228] (basic_mobile_robot) StderrLine: {'line': b'    parser.Parse(string, True)\n'}
[0.925290] (basic_mobile_robot) StderrLine: {'line': b'xml.parsers.expat.ExpatError: junk after document element: line 24, column 0\n'}
[0.925350] (basic_mobile_robot) StderrLine: {'line': b'\n'}
[0.925409] (basic_mobile_robot) StderrLine: {'line': b'During handling of the above exception, another exception occurred:\n'}
[0.925469] (basic_mobile_robot) StderrLine: {'line': b'\n'}
[0.925527] (basic_mobile_robot) StderrLine: {'line': b'Traceback (most recent call last):\n'}
[0.925584] (basic_mobile_robot) StderrLine: {'line': b'  File "/opt/ros/humble/share/ament_cmake_core/cmake/core/package_xml_2_cmake.py", line 150, in <module>\n'}
[0.925643] (basic_mobile_robot) StderrLine: {'line': b'    main()\n'}
[0.925700] (basic_mobile_robot) StderrLine: {'line': b'  File "/opt/ros/humble/share/ament_cmake_core/cmake/core/package_xml_2_cmake.py", line 53, in main\n'}
[0.925758] (basic_mobile_robot) StderrLine: {'line': b'    raise e\n'}
[0.925816] (basic_mobile_robot) StderrLine: {'line': b'  File "/opt/ros/humble/share/ament_cmake_core/cmake/core/package_xml_2_cmake.py", line 49, in main\n'}
[0.925958] (basic_mobile_robot) StderrLine: {'line': b'    package = parse_package_string(\n'}
[0.926023] (basic_mobile_robot) StderrLine: {'line': b'  File "/usr/lib/python3/dist-packages/catkin_pkg/package.py", line 612, in parse_package_string\n'}
[0.926081] (basic_mobile_robot) StderrLine: {'line': b"    raise InvalidPackage('The manifest contains invalid XML:\\n%s' % ex, filename)\n"}
[0.926139] (basic_mobile_robot) StderrLine: {'line': b"catkin_pkg.package.InvalidPackage: Error(s) in package '/home/aishwarya/ros2_ws/src/basic_mobile_robot/package.xml':\n"}
[0.926207] (basic_mobile_robot) StderrLine: {'line': b'The manifest contains invalid XML:\n'}
[0.926274] (basic_mobile_robot) StderrLine: {'line': b'junk after document element: line 24, column 0\n'}
[0.942580] (basic_mobile_robot) StderrLine: {'line': b'\x1b[31mCMake Error at /opt/ros/humble/share/ament_cmake_core/cmake/core/ament_package_xml.cmake:95 (message):\n'}
[0.942768] (basic_mobile_robot) StderrLine: {'line': b'  execute_process(/usr/bin/python3.10\n'}
[0.942938] (basic_mobile_robot) StderrLine: {'line': b'  /opt/ros/humble/share/ament_cmake_core/cmake/core/package_xml_2_cmake.py\n'}
[0.943010] (basic_mobile_robot) StderrLine: {'line': b'  /home/aishwarya/ros2_ws/src/basic_mobile_robot/package.xml\n'}
[0.943074] (basic_mobile_robot) StderrLine: {'line': b'  /home/aishwarya/ros2_ws/src/basic_mobile_robot/build/basic_mobile_robot/ament_cmake_core/package.cmake)\n'}
[0.943135] (basic_mobile_robot) StderrLine: {'line': b'  returned error code 1\n'}
[0.943194] (basic_mobile_robot) StderrLine: {'line': b'Call Stack (most recent call first):\n'}
[0.943253] (basic_mobile_robot) StderrLine: {'line': b'  /opt/ros/humble/share/ament_cmake_core/cmake/core/ament_package_xml.cmake:49 (_ament_package_xml)\n'}
[0.943313] (basic_mobile_robot) StderrLine: {'line': b'  /opt/ros/humble/share/ament_lint_auto/cmake/ament_lint_auto_find_test_dependencies.cmake:31 (ament_package_xml)\n'}
[0.943371] (basic_mobile_robot) StderrLine: {'line': b'  CMakeLists.txt:37 (ament_lint_auto_find_test_dependencies)\n'}
[0.943430] (basic_mobile_robot) StderrLine: {'line': b'\n'}
[0.943488] (basic_mobile_robot) StderrLine: {'line': b'\x1b[0m\n'}
[0.943559] (basic_mobile_robot) StdoutLine: {'line': b'-- Configuring incomplete, errors occurred!\n'}
[0.943625] (basic_mobile_robot) StdoutLine: {'line': b'See also "/home/aishwarya/ros2_ws/src/basic_mobile_robot/build/basic_mobile_robot/CMakeFiles/CMakeOutput.log".\n'}
[0.947951] (basic_mobile_robot) CommandEnded: {'returncode': 1}
[0.949210] (basic_mobile_robot) JobEnded: {'identifier': 'basic_mobile_robot', 'rc': 1}
[0.963225] (-) EventReactorShutdown: {}
